
> nextcrm-primeiro@0.1.0 build G:\github-crm-projects\nextcrm-primeiro
> next build

   Ôû▓ Next.js 15.5.6
   - Environments: .env.local, .env
   - Experiments (use with caution):
     ┬À serverActions

   Creating an optimized production build ...
 Ô£ô Compiled successfully in 20.5s
   Linting and checking validity of types ...

./src/app/[locale]/app/[workspaceSlug]/team/team-workspace-client.tsx
67:10  Warning: 'isInviteModalOpen' is assigned a value but never used.  @typescript-eslint/no-unused-vars

./src/components/admin/digital-templates/editor/ContentEditor.tsx
173:6  Warning: React Hook useCallback has a missing dependency: 'onDynamicBlocksChange'. Either include it or remove the dependency array. If 'onDynamicBlocksChange' changes too often, find the parent component that defines it and wrap that definition in useCallback.  react-hooks/exhaustive-deps

./src/components/admin/settings/SettingsClient.tsx
37:34  Warning: 'user' is defined but never used.  @typescript-eslint/no-unused-vars

./src/components/admin/UserProfile.tsx
51:3  Warning: 'workspaceSlug' is defined but never used.  @typescript-eslint/no-unused-vars

./src/components/editors/HeroBlockEditor.tsx
4:15  Warning: 'ReactNode' is defined but never used.  @typescript-eslint/no-unused-vars
13:3  Warning: 'X' is defined but never used.  @typescript-eslint/no-unused-vars
30:11  Warning: 'Block' is defined but never used.  @typescript-eslint/no-unused-vars

./src/components/ui/ImageCropDialog.tsx
152:11  Warning: Using `<img>` could result in slower LCP and higher bandwidth. Consider using `<Image />` from `next/image` or a custom image loader to automatically optimize images. This may incur additional usage or cost from your provider. See: https://nextjs.org/docs/messages/no-img-element  @next/next/no-img-element

./src/lib/actions/ctaBlock.actions.ts
4:38  Warning: 'CTABlockContent' is defined but never used.  @typescript-eslint/no-unused-vars

./src/lib/actions/workspace.actions.ts
39:6  Warning: 'CreateWorkspaceFormData' is defined but never used.  @typescript-eslint/no-unused-vars

./src/lib/supabase.ts
1:65  Warning: 'CookieOptions' is defined but never used.  @typescript-eslint/no-unused-vars

./src/middleware.ts
1:35  Warning: 'CookieOptions' is defined but never used.  @typescript-eslint/no-unused-vars
48:48  Warning: 'options' is defined but never used.  @typescript-eslint/no-unused-vars

info  - Need to disable some ESLint rules? Learn more here: https://nextjs.org/docs/app/api-reference/config/eslint#disabling-rules
node.exe : Failed to compile.
No C:\Users\kayqu\AppData\Roaming\npm\pnpm.ps1:24 caractere:5
+     & "node$exe"  "$basedir/node_modules/pnpm/bin/pnpm.cjs" $args
+     ~~~~~~~~~~~~~~~~~~~~~~~~~~~~~~~~~~~~~~~~~~~~~~~~~~~~~~~~~~~~~
    + CategoryInfo          : NotSpecified: (Failed to compile.:String) [], RemoteException
    + FullyQualifiedErrorId : NativeCommandError
 

./src/app/[locale]/admin/clients/page.tsx:102:29
Type error: Type '{ id: unknown; name: unknown; email: unknown; image: unknown; createdAt: 
unknown; workspaceMemberships: { workspace: { id: any; name: any; slug: any; subscription: { 
status: any; plan: { id: any; name: any; price: number; }; }; }; workspaceRole: { id: any; name: 
any; }; }[]; }[]' is not assignable to type 'Client[]'.
  Type '{ id: unknown; name: unknown; email: unknown; image: unknown; createdAt: unknown; 
workspaceMemberships: { workspace: { id: any; name: any; slug: any; subscription: { status: any; 
plan: { id: any; name: any; price: number; }; }; }; workspaceRole: { id: any; name: any; }; }[]; 
}' is not assignable to type 'Client'.
    Types of property 'id' are incompatible.
      Type 'unknown' is not assignable to type 'string'.

[0m [90m 100 |[39m
 [90m 101 |[39m   [90m// Passar dados serializados para o Client Component com termo de busca 
inicial[39m
[31m[1m>[22m[39m[90m 102 |[39m   [36mreturn[39m [33m<[39m[33mClientsPageClient[39m 
clients[33m=[39m{clients} availablePlans[33m=[39m{availablePlans} 
initialSearch[33m=[39m{searchTerm} [33m/[39m[33m>[39m[33m;[39m
 [90m     |[39m                             [31m[1m^[22m[39m
 [90m 103 |[39m }
 [90m 104 |[39m[0m
Next.js build worker exited with code: 1 and signal: null
ÔÇëELIFECYCLEÔÇë Command failed with exit code 1.
